// Jest Snapshot v1, https://goo.gl/fbAQLP

exports[`Main App correct render 1`] = `undefined`;

exports[`Main Err page correct render 1`] = `undefined`;

exports[`Main Privacy-Policy correct render 1`] = `undefined`;
